<?xml version="1.0"?>
<link_info>
   <banner>MSP430 Linker Unix v16.9.0.LTS</banner>
   <copyright>Copyright (c) 2003-2015 Texas Instruments Incorporated</copyright>
   <link_time>0x58d3d39b</link_time>
   <link_errors>0x0</link_errors>
   <output_file>intro-timer.out</output_file>
   <entry_point>
      <name>_c_int00_noargs_noexit</name>
      <address>0x7ace</address>
   </entry_point>
   <input_file_list>
      <input_file id="fl-2">
         <path>./</path>
         <kind>object</kind>
         <file>main.obj</file>
         <name>main.obj</name>
      </input_file>
      <input_file id="fl-3">
         <path>./</path>
         <kind>object</kind>
         <file>util.obj</file>
         <name>util.obj</name>
      </input_file>
      <input_file id="fl-4">
         <path>./ETF5438A_HAL/</path>
         <kind>object</kind>
         <file>hal_board.obj</file>
         <name>hal_board.obj</name>
      </input_file>
      <input_file id="fl-5">
         <path>./ETF5438A_HAL/</path>
         <kind>object</kind>
         <file>hal_led.obj</file>
         <name>hal_led.obj</name>
      </input_file>
      <input_file id="fl-6">
         <path>./ETF5438A_HAL/</path>
         <kind>object</kind>
         <file>ringbuffer.obj</file>
         <name>ringbuffer.obj</name>
      </input_file>
      <input_file id="fl-7">
         <path>./ETF5438A_HAL/</path>
         <kind>object</kind>
         <file>uart.obj</file>
         <name>uart.obj</name>
      </input_file>
      <input_file id="fl-8">
         <path>./F5XX_6XX_Core_Lib/</path>
         <kind>object</kind>
         <file>hal_PMM.obj</file>
         <name>hal_PMM.obj</name>
      </input_file>
      <input_file id="fl-9">
         <path>./F5XX_6XX_Core_Lib/</path>
         <kind>object</kind>
         <file>hal_UCS.obj</file>
         <name>hal_UCS.obj</name>
      </input_file>
      <input_file id="fl-a">
         <path>./FreeRTOS_Source/</path>
         <kind>object</kind>
         <file>event_groups.obj</file>
         <name>event_groups.obj</name>
      </input_file>
      <input_file id="fl-b">
         <path>./FreeRTOS_Source/</path>
         <kind>object</kind>
         <file>list.obj</file>
         <name>list.obj</name>
      </input_file>
      <input_file id="fl-c">
         <path>./FreeRTOS_Source/</path>
         <kind>object</kind>
         <file>queue.obj</file>
         <name>queue.obj</name>
      </input_file>
      <input_file id="fl-d">
         <path>./FreeRTOS_Source/</path>
         <kind>object</kind>
         <file>tasks.obj</file>
         <name>tasks.obj</name>
      </input_file>
      <input_file id="fl-e">
         <path>./FreeRTOS_Source/</path>
         <kind>object</kind>
         <file>timers.obj</file>
         <name>timers.obj</name>
      </input_file>
      <input_file id="fl-f">
         <path>./FreeRTOS_Source/portable/CCS/MSP430X/</path>
         <kind>object</kind>
         <file>port.obj</file>
         <name>port.obj</name>
      </input_file>
      <input_file id="fl-10">
         <path>./FreeRTOS_Source/portable/CCS/MSP430X/</path>
         <kind>object</kind>
         <file>portext.obj</file>
         <name>portext.obj</name>
      </input_file>
      <input_file id="fl-11">
         <path>./FreeRTOS_Source/portable/MemMang/</path>
         <kind>object</kind>
         <file>heap_1.obj</file>
         <name>heap_1.obj</name>
      </input_file>
      <input_file id="fl-32">
         <path>/home/sjankovic/tools/ti/ccsv7/tools/compiler/ti-cgt-msp430_16.9.0.LTS/lib/</path>
         <kind>archive</kind>
         <file>rts430x_lc_sd_eabi.lib</file>
         <name>boot.obj</name>
      </input_file>
      <input_file id="fl-33">
         <path>/home/sjankovic/tools/ti/ccsv7/tools/compiler/ti-cgt-msp430_16.9.0.LTS/lib/</path>
         <kind>archive</kind>
         <file>rts430x_lc_sd_eabi.lib</file>
         <name>boot_special.obj</name>
      </input_file>
      <input_file id="fl-34">
         <path>/home/sjankovic/tools/ti/ccsv7/tools/compiler/ti-cgt-msp430_16.9.0.LTS/lib/</path>
         <kind>archive</kind>
         <file>rts430x_lc_sd_eabi.lib</file>
         <name>copy_decompress_lzss.obj</name>
      </input_file>
      <input_file id="fl-35">
         <path>/home/sjankovic/tools/ti/ccsv7/tools/compiler/ti-cgt-msp430_16.9.0.LTS/lib/</path>
         <kind>archive</kind>
         <file>rts430x_lc_sd_eabi.lib</file>
         <name>copy_decompress_none.obj</name>
      </input_file>
      <input_file id="fl-36">
         <path>/home/sjankovic/tools/ti/ccsv7/tools/compiler/ti-cgt-msp430_16.9.0.LTS/lib/</path>
         <kind>archive</kind>
         <file>rts430x_lc_sd_eabi.lib</file>
         <name>copy_zero_init.obj</name>
      </input_file>
      <input_file id="fl-37">
         <path>/home/sjankovic/tools/ti/ccsv7/tools/compiler/ti-cgt-msp430_16.9.0.LTS/lib/</path>
         <kind>archive</kind>
         <file>rts430x_lc_sd_eabi.lib</file>
         <name>cpy_util.obj</name>
      </input_file>
      <input_file id="fl-38">
         <path>/home/sjankovic/tools/ti/ccsv7/tools/compiler/ti-cgt-msp430_16.9.0.LTS/lib/</path>
         <kind>archive</kind>
         <file>rts430x_lc_sd_eabi.lib</file>
         <name>div16u.obj</name>
      </input_file>
      <input_file id="fl-39">
         <path>/home/sjankovic/tools/ti/ccsv7/tools/compiler/ti-cgt-msp430_16.9.0.LTS/lib/</path>
         <kind>archive</kind>
         <file>rts430x_lc_sd_eabi.lib</file>
         <name>div32u.obj</name>
      </input_file>
      <input_file id="fl-3a">
         <path>/home/sjankovic/tools/ti/ccsv7/tools/compiler/ti-cgt-msp430_16.9.0.LTS/lib/</path>
         <kind>archive</kind>
         <file>rts430x_lc_sd_eabi.lib</file>
         <name>exit.obj</name>
      </input_file>
      <input_file id="fl-3b">
         <path>/home/sjankovic/tools/ti/ccsv7/tools/compiler/ti-cgt-msp430_16.9.0.LTS/lib/</path>
         <kind>archive</kind>
         <file>rts430x_lc_sd_eabi.lib</file>
         <name>exit_gvars.obj</name>
      </input_file>
      <input_file id="fl-3c">
         <path>/home/sjankovic/tools/ti/ccsv7/tools/compiler/ti-cgt-msp430_16.9.0.LTS/lib/</path>
         <kind>archive</kind>
         <file>rts430x_lc_sd_eabi.lib</file>
         <name>int41.obj</name>
      </input_file>
      <input_file id="fl-3d">
         <path>/home/sjankovic/tools/ti/ccsv7/tools/compiler/ti-cgt-msp430_16.9.0.LTS/lib/</path>
         <kind>archive</kind>
         <file>rts430x_lc_sd_eabi.lib</file>
         <name>int42.obj</name>
      </input_file>
      <input_file id="fl-3e">
         <path>/home/sjankovic/tools/ti/ccsv7/tools/compiler/ti-cgt-msp430_16.9.0.LTS/lib/</path>
         <kind>archive</kind>
         <file>rts430x_lc_sd_eabi.lib</file>
         <name>int43.obj</name>
      </input_file>
      <input_file id="fl-3f">
         <path>/home/sjankovic/tools/ti/ccsv7/tools/compiler/ti-cgt-msp430_16.9.0.LTS/lib/</path>
         <kind>archive</kind>
         <file>rts430x_lc_sd_eabi.lib</file>
         <name>int44.obj</name>
      </input_file>
      <input_file id="fl-40">
         <path>/home/sjankovic/tools/ti/ccsv7/tools/compiler/ti-cgt-msp430_16.9.0.LTS/lib/</path>
         <kind>archive</kind>
         <file>rts430x_lc_sd_eabi.lib</file>
         <name>int45.obj</name>
      </input_file>
      <input_file id="fl-41">
         <path>/home/sjankovic/tools/ti/ccsv7/tools/compiler/ti-cgt-msp430_16.9.0.LTS/lib/</path>
         <kind>archive</kind>
         <file>rts430x_lc_sd_eabi.lib</file>
         <name>int46.obj</name>
      </input_file>
      <input_file id="fl-42">
         <path>/home/sjankovic/tools/ti/ccsv7/tools/compiler/ti-cgt-msp430_16.9.0.LTS/lib/</path>
         <kind>archive</kind>
         <file>rts430x_lc_sd_eabi.lib</file>
         <name>int47.obj</name>
      </input_file>
      <input_file id="fl-43">
         <path>/home/sjankovic/tools/ti/ccsv7/tools/compiler/ti-cgt-msp430_16.9.0.LTS/lib/</path>
         <kind>archive</kind>
         <file>rts430x_lc_sd_eabi.lib</file>
         <name>int48.obj</name>
      </input_file>
      <input_file id="fl-44">
         <path>/home/sjankovic/tools/ti/ccsv7/tools/compiler/ti-cgt-msp430_16.9.0.LTS/lib/</path>
         <kind>archive</kind>
         <file>rts430x_lc_sd_eabi.lib</file>
         <name>int49.obj</name>
      </input_file>
      <input_file id="fl-45">
         <path>/home/sjankovic/tools/ti/ccsv7/tools/compiler/ti-cgt-msp430_16.9.0.LTS/lib/</path>
         <kind>archive</kind>
         <file>rts430x_lc_sd_eabi.lib</file>
         <name>int50.obj</name>
      </input_file>
      <input_file id="fl-46">
         <path>/home/sjankovic/tools/ti/ccsv7/tools/compiler/ti-cgt-msp430_16.9.0.LTS/lib/</path>
         <kind>archive</kind>
         <file>rts430x_lc_sd_eabi.lib</file>
         <name>int51.obj</name>
      </input_file>
      <input_file id="fl-47">
         <path>/home/sjankovic/tools/ti/ccsv7/tools/compiler/ti-cgt-msp430_16.9.0.LTS/lib/</path>
         <kind>archive</kind>
         <file>rts430x_lc_sd_eabi.lib</file>
         <name>int52.obj</name>
      </input_file>
      <input_file id="fl-48">
         <path>/home/sjankovic/tools/ti/ccsv7/tools/compiler/ti-cgt-msp430_16.9.0.LTS/lib/</path>
         <kind>archive</kind>
         <file>rts430x_lc_sd_eabi.lib</file>
         <name>int53.obj</name>
      </input_file>
      <input_file id="fl-49">
         <path>/home/sjankovic/tools/ti/ccsv7/tools/compiler/ti-cgt-msp430_16.9.0.LTS/lib/</path>
         <kind>archive</kind>
         <file>rts430x_lc_sd_eabi.lib</file>
         <name>int55.obj</name>
      </input_file>
      <input_file id="fl-4a">
         <path>/home/sjankovic/tools/ti/ccsv7/tools/compiler/ti-cgt-msp430_16.9.0.LTS/lib/</path>
         <kind>archive</kind>
         <file>rts430x_lc_sd_eabi.lib</file>
         <name>int56.obj</name>
      </input_file>
      <input_file id="fl-4b">
         <path>/home/sjankovic/tools/ti/ccsv7/tools/compiler/ti-cgt-msp430_16.9.0.LTS/lib/</path>
         <kind>archive</kind>
         <file>rts430x_lc_sd_eabi.lib</file>
         <name>int58.obj</name>
      </input_file>
      <input_file id="fl-4c">
         <path>/home/sjankovic/tools/ti/ccsv7/tools/compiler/ti-cgt-msp430_16.9.0.LTS/lib/</path>
         <kind>archive</kind>
         <file>rts430x_lc_sd_eabi.lib</file>
         <name>int59.obj</name>
      </input_file>
      <input_file id="fl-4d">
         <path>/home/sjankovic/tools/ti/ccsv7/tools/compiler/ti-cgt-msp430_16.9.0.LTS/lib/</path>
         <kind>archive</kind>
         <file>rts430x_lc_sd_eabi.lib</file>
         <name>int60.obj</name>
      </input_file>
      <input_file id="fl-4e">
         <path>/home/sjankovic/tools/ti/ccsv7/tools/compiler/ti-cgt-msp430_16.9.0.LTS/lib/</path>
         <kind>archive</kind>
         <file>rts430x_lc_sd_eabi.lib</file>
         <name>int61.obj</name>
      </input_file>
      <input_file id="fl-4f">
         <path>/home/sjankovic/tools/ti/ccsv7/tools/compiler/ti-cgt-msp430_16.9.0.LTS/lib/</path>
         <kind>archive</kind>
         <file>rts430x_lc_sd_eabi.lib</file>
         <name>int62.obj</name>
      </input_file>
      <input_file id="fl-50">
         <path>/home/sjankovic/tools/ti/ccsv7/tools/compiler/ti-cgt-msp430_16.9.0.LTS/lib/</path>
         <kind>archive</kind>
         <file>rts430x_lc_sd_eabi.lib</file>
         <name>isr_trap.obj</name>
      </input_file>
      <input_file id="fl-51">
         <path>/home/sjankovic/tools/ti/ccsv7/tools/compiler/ti-cgt-msp430_16.9.0.LTS/lib/</path>
         <kind>archive</kind>
         <file>rts430x_lc_sd_eabi.lib</file>
         <name>memcpy.obj</name>
      </input_file>
      <input_file id="fl-52">
         <path>/home/sjankovic/tools/ti/ccsv7/tools/compiler/ti-cgt-msp430_16.9.0.LTS/lib/</path>
         <kind>archive</kind>
         <file>rts430x_lc_sd_eabi.lib</file>
         <name>memset.obj</name>
      </input_file>
      <input_file id="fl-53">
         <path>/home/sjankovic/tools/ti/ccsv7/tools/compiler/ti-cgt-msp430_16.9.0.LTS/lib/</path>
         <kind>archive</kind>
         <file>rts430x_lc_sd_eabi.lib</file>
         <name>mpu_init.obj</name>
      </input_file>
      <input_file id="fl-54">
         <path>/home/sjankovic/tools/ti/ccsv7/tools/compiler/ti-cgt-msp430_16.9.0.LTS/lib/</path>
         <kind>archive</kind>
         <file>rts430x_lc_sd_eabi.lib</file>
         <name>mult16.obj</name>
      </input_file>
      <input_file id="fl-55">
         <path>/home/sjankovic/tools/ti/ccsv7/tools/compiler/ti-cgt-msp430_16.9.0.LTS/lib/</path>
         <kind>archive</kind>
         <file>rts430x_lc_sd_eabi.lib</file>
         <name>mult1632_f5hw.obj</name>
      </input_file>
      <input_file id="fl-56">
         <path>/home/sjankovic/tools/ti/ccsv7/tools/compiler/ti-cgt-msp430_16.9.0.LTS/lib/</path>
         <kind>archive</kind>
         <file>rts430x_lc_sd_eabi.lib</file>
         <name>mult16_f5hw.obj</name>
      </input_file>
      <input_file id="fl-57">
         <path>/home/sjankovic/tools/ti/ccsv7/tools/compiler/ti-cgt-msp430_16.9.0.LTS/lib/</path>
         <kind>archive</kind>
         <file>rts430x_lc_sd_eabi.lib</file>
         <name>mult3264_f5hw.obj</name>
      </input_file>
      <input_file id="fl-58">
         <path>/home/sjankovic/tools/ti/ccsv7/tools/compiler/ti-cgt-msp430_16.9.0.LTS/lib/</path>
         <kind>archive</kind>
         <file>rts430x_lc_sd_eabi.lib</file>
         <name>mult32_f5hw.obj</name>
      </input_file>
      <input_file id="fl-59">
         <path>/home/sjankovic/tools/ti/ccsv7/tools/compiler/ti-cgt-msp430_16.9.0.LTS/lib/</path>
         <kind>archive</kind>
         <file>rts430x_lc_sd_eabi.lib</file>
         <name>mult64_f5hw.obj</name>
      </input_file>
      <input_file id="fl-5a">
         <path>/home/sjankovic/tools/ti/ccsv7/tools/compiler/ti-cgt-msp430_16.9.0.LTS/lib/</path>
         <kind>archive</kind>
         <file>rts430x_lc_sd_eabi.lib</file>
         <name>pre_init.obj</name>
      </input_file>
      <input_file id="fl-5b">
         <path>/home/sjankovic/tools/ti/ccsv7/tools/compiler/ti-cgt-msp430_16.9.0.LTS/lib/</path>
         <kind>archive</kind>
         <file>rts430x_lc_sd_eabi.lib</file>
         <name>_lock.obj</name>
      </input_file>
      <input_file id="fl-5c">
         <path>/home/sjankovic/tools/ti/ccsv7/tools/compiler/ti-cgt-msp430_16.9.0.LTS/lib/</path>
         <kind>archive</kind>
         <file>rts430x_lc_sd_eabi.lib</file>
         <name>args_main.obj</name>
      </input_file>
      <input_file id="fl-5d">
         <path>/home/sjankovic/tools/ti/ccsv7/tools/compiler/ti-cgt-msp430_16.9.0.LTS/lib/</path>
         <kind>archive</kind>
         <file>rts430x_lc_sd_eabi.lib</file>
         <name>autoinit_wdt.obj</name>
      </input_file>
      <input_file id="fl-5e">
         <path>/home/sjankovic/tools/ti/ccsv7/tools/compiler/ti-cgt-msp430_16.9.0.LTS/lib/</path>
         <kind>archive</kind>
         <file>rts430x_lc_sd_eabi.lib</file>
         <name>cpy_tbl.obj</name>
      </input_file>
      <input_file id="fl-5f">
         <path>/home/sjankovic/tools/ti/ccsv7/tools/compiler/ti-cgt-msp430_16.9.0.LTS/lib/</path>
         <kind>archive</kind>
         <file>rts430x_lc_sd_eabi.lib</file>
         <name>startup.obj</name>
      </input_file>
   </input_file_list>
   <object_component_list>
      <object_component id="oc-3f0">
         <name>.bss</name>
         <uninitialized>true</uninitialized>
         <run_address>0x448c</run_address>
         <size>0x8</size>
         <input_file_ref idref="fl-7"/>
      </object_component>
      <object_component id="oc-545">
         <name>.bss:pxReadyTasksLists</name>
         <uninitialized>true</uninitialized>
         <run_address>0x4400</run_address>
         <size>0x50</size>
         <input_file_ref idref="fl-d"/>
      </object_component>
      <object_component id="oc-65c">
         <name>.bss:xDelayedTaskList1</name>
         <uninitialized>true</uninitialized>
         <run_address>0x4464</run_address>
         <size>0xa</size>
         <input_file_ref idref="fl-d"/>
      </object_component>
      <object_component id="oc-65f">
         <name>.bss:xDelayedTaskList2</name>
         <uninitialized>true</uninitialized>
         <run_address>0x446e</run_address>
         <size>0xa</size>
         <input_file_ref idref="fl-d"/>
      </object_component>
      <object_component id="oc-536">
         <name>.bss</name>
         <uninitialized>true</uninitialized>
         <run_address>0x4494</run_address>
         <size>0x4</size>
         <input_file_ref idref="fl-d"/>
      </object_component>
      <object_component id="oc-646">
         <name>.bss:xPendingReadyList</name>
         <uninitialized>true</uninitialized>
         <run_address>0x4478</run_address>
         <size>0xa</size>
         <input_file_ref idref="fl-d"/>
      </object_component>
      <object_component id="oc-642">
         <name>.bss:xSuspendedTaskList</name>
         <uninitialized>true</uninitialized>
         <run_address>0x4482</run_address>
         <size>0xa</size>
         <input_file_ref idref="fl-d"/>
      </object_component>
      <object_component id="oc-695">
         <name>.bss:xActiveTimerList1</name>
         <uninitialized>true</uninitialized>
         <run_address>0x4450</run_address>
         <size>0xa</size>
         <input_file_ref idref="fl-e"/>
      </object_component>
      <object_component id="oc-698">
         <name>.bss:xActiveTimerList2</name>
         <uninitialized>true</uninitialized>
         <run_address>0x445a</run_address>
         <size>0xa</size>
         <input_file_ref idref="fl-e"/>
      </object_component>
      <object_component id="oc-69b">
         <name>.bss</name>
         <uninitialized>true</uninitialized>
         <run_address>0x4498</run_address>
         <size>0x4</size>
         <input_file_ref idref="fl-e"/>
      </object_component>
      <object_component id="oc-5a3">
         <name>.bss:ucHeap</name>
         <uninitialized>true</uninitialized>
         <run_address>0x1c00</run_address>
         <size>0x2800</size>
         <input_file_ref idref="fl-11"/>
      </object_component>
      <object_component id="oc-442">
         <name>.data</name>
         <load_address>0x44be</load_address>
         <run_address>0x44be</run_address>
         <size>0x2</size>
         <input_file_ref idref="fl-2"/>
      </object_component>
      <object_component id="oc-450">
         <name>.data</name>
         <load_address>0x449c</load_address>
         <run_address>0x449c</run_address>
         <size>0x18</size>
         <input_file_ref idref="fl-d"/>
      </object_component>
      <object_component id="oc-5d7">
         <name>.data</name>
         <load_address>0x44b4</load_address>
         <run_address>0x44b4</run_address>
         <size>0x6</size>
         <input_file_ref idref="fl-e"/>
      </object_component>
      <object_component id="oc-44d">
         <name>.data</name>
         <load_address>0x44c0</load_address>
         <run_address>0x44c0</run_address>
         <size>0x2</size>
         <input_file_ref idref="fl-f"/>
      </object_component>
      <object_component id="oc-5a0">
         <name>.data</name>
         <load_address>0x44ba</load_address>
         <run_address>0x44ba</run_address>
         <size>0x4</size>
         <input_file_ref idref="fl-11"/>
      </object_component>
      <object_component id="oc-379">
         <name>.stack</name>
         <uninitialized>true</uninitialized>
         <run_address>0x5b60</run_address>
         <size>0x2</size>
         <input_file_ref idref="fl-32"/>
      </object_component>
      <object_component id="oc-7bf">
         <name>.stack</name>
         <uninitialized>true</uninitialized>
         <run_address>0x5b60</run_address>
         <size>0x0</size>
      </object_component>
      <object_component id="oc-715">
         <name>.text:xQueueGenericReceive</name>
         <load_address>0x5c00</load_address>
         <run_address>0x5c00</run_address>
         <size>0x1cc</size>
         <input_file_ref idref="fl-c"/>
      </object_component>
      <object_component id="oc-5e3">
         <name>.text:xQueueGenericSend</name>
         <load_address>0x5dcc</load_address>
         <run_address>0x5dcc</run_address>
         <size>0x17e</size>
         <input_file_ref idref="fl-c"/>
      </object_component>
      <object_component id="oc-453">
         <name>.text:xTaskIncrementTick</name>
         <load_address>0x5f4a</load_address>
         <run_address>0x5f4a</run_address>
         <size>0xf8</size>
         <input_file_ref idref="fl-d"/>
      </object_component>
      <object_component id="oc-6d">
         <name>.text:decompress:lzss:__TI_decompress_lzss</name>
         <load_address>0x6042</load_address>
         <run_address>0x6042</run_address>
         <size>0xee</size>
         <input_file_ref idref="fl-34"/>
      </object_component>
      <object_component id="oc-633">
         <name>.text:Init_FLL</name>
         <load_address>0x6130</load_address>
         <run_address>0x6130</run_address>
         <size>0xd8</size>
         <input_file_ref idref="fl-9"/>
      </object_component>
      <object_component id="oc-6b2">
         <name>.text:prvProcessReceivedCommands</name>
         <load_address>0x6208</load_address>
         <run_address>0x6208</run_address>
         <size>0xd6</size>
         <input_file_ref idref="fl-e"/>
      </object_component>
      <object_component id="oc-626">
         <name>.text:SetVCoreUp</name>
         <load_address>0x62de</load_address>
         <run_address>0x62de</run_address>
         <size>0xd4</size>
         <input_file_ref idref="fl-8"/>
      </object_component>
      <object_component id="oc-597">
         <name>.text:xTaskResumeAll</name>
         <load_address>0x63b2</load_address>
         <run_address>0x63b2</run_address>
         <size>0xd2</size>
         <input_file_ref idref="fl-d"/>
      </object_component>
      <object_component id="oc-4f2">
         <name>.text:prvInitialiseNewTask</name>
         <load_address>0x6484</load_address>
         <run_address>0x6484</run_address>
         <size>0xc2</size>
         <input_file_ref idref="fl-d"/>
      </object_component>
      <object_component id="oc-459">
         <name>.text:vTaskSwitchContext</name>
         <load_address>0x6546</load_address>
         <run_address>0x6546</run_address>
         <size>0xc0</size>
         <input_file_ref idref="fl-d"/>
      </object_component>
      <object_component id="oc-3f6">
         <name>.text:copy_in</name>
         <load_address>0x6606</load_address>
         <run_address>0x6606</run_address>
         <size>0xb2</size>
         <input_file_ref idref="fl-5e"/>
      </object_component>
      <object_component id="oc-3ea">
         <name>.text</name>
         <load_address>0x66b8</load_address>
         <run_address>0x66b8</run_address>
         <size>0xa6</size>
         <input_file_ref idref="fl-10"/>
      </object_component>
      <object_component id="oc-674">
         <name>.text:prvUnlockQueue</name>
         <load_address>0x675e</load_address>
         <run_address>0x675e</run_address>
         <size>0x9e</size>
         <input_file_ref idref="fl-c"/>
      </object_component>
      <object_component id="oc-71e">
         <name>.text:xQueueGenericReset</name>
         <load_address>0x67fc</load_address>
         <run_address>0x67fc</run_address>
         <size>0x9c</size>
         <input_file_ref idref="fl-c"/>
      </object_component>
      <object_component id="oc-62c">
         <name>.text:SetVCoreDown</name>
         <load_address>0x6898</load_address>
         <run_address>0x6898</run_address>
         <size>0x9a</size>
         <input_file_ref idref="fl-8"/>
      </object_component>
      <object_component id="oc-3b1">
         <name>.text:_auto_init_hold_wdt</name>
         <load_address>0x6932</load_address>
         <run_address>0x6932</run_address>
         <size>0x96</size>
         <input_file_ref idref="fl-5d"/>
      </object_component>
      <object_component id="oc-4f8">
         <name>.text:prvAddNewTaskToReadyList</name>
         <load_address>0x69c8</load_address>
         <run_address>0x69c8</run_address>
         <size>0x96</size>
         <input_file_ref idref="fl-d"/>
      </object_component>
      <object_component id="oc-686">
         <name>.text:prvCopyDataToQueue</name>
         <load_address>0x6a5e</load_address>
         <run_address>0x6a5e</run_address>
         <size>0x86</size>
         <input_file_ref idref="fl-c"/>
      </object_component>
      <object_component id="oc-73a">
         <name>.text:vTaskPriorityInherit</name>
         <load_address>0x6ae4</load_address>
         <run_address>0x6ae4</run_address>
         <size>0x86</size>
         <input_file_ref idref="fl-d"/>
      </object_component>
      <object_component id="oc-5e9">
         <name>.text:xQueueGenericSendFromISR</name>
         <load_address>0x6b6a</load_address>
         <run_address>0x6b6a</run_address>
         <size>0x82</size>
         <input_file_ref idref="fl-c"/>
      </object_component>
      <object_component id="oc-725">
         <name>.text:prvSwitchTimerLists</name>
         <load_address>0x6bec</load_address>
         <run_address>0x6bec</run_address>
         <size>0x80</size>
         <input_file_ref idref="fl-e"/>
      </object_component>
      <object_component id="oc-6e3">
         <name>.text:xTaskPriorityDisinherit</name>
         <load_address>0x6c6c</load_address>
         <run_address>0x6c6c</run_address>
         <size>0x80</size>
         <input_file_ref idref="fl-d"/>
      </object_component>
      <object_component id="oc-68c">
         <name>.text:xTaskRemoveFromEventList</name>
         <load_address>0x6cec</load_address>
         <run_address>0x6cec</run_address>
         <size>0x80</size>
         <input_file_ref idref="fl-d"/>
      </object_component>
      <object_component id="oc-42a">
         <name>.text:xTaskCreate</name>
         <load_address>0x6d6c</load_address>
         <run_address>0x6d6c</run_address>
         <size>0x7e</size>
         <input_file_ref idref="fl-d"/>
      </object_component>
      <object_component id="oc-4d1">
         <name>.text:hal430SetSystemClock</name>
         <load_address>0x6dea</load_address>
         <run_address>0x6dea</run_address>
         <size>0x7c</size>
         <input_file_ref idref="fl-4"/>
      </object_component>
      <object_component id="oc-66e">
         <name>.text:xTaskCheckForTimeOut</name>
         <load_address>0x6e66</load_address>
         <run_address>0x6e66</run_address>
         <size>0x78</size>
         <input_file_ref idref="fl-d"/>
      </object_component>
      <object_component id="oc-50c">
         <name>.text:xTimerGenericCommand</name>
         <load_address>0x6ede</load_address>
         <run_address>0x6ede</run_address>
         <size>0x74</size>
         <input_file_ref idref="fl-e"/>
      </object_component>
      <object_component id="oc-6ac">
         <name>.text:prvProcessTimerOrBlockTask</name>
         <load_address>0x6f52</load_address>
         <run_address>0x6f52</run_address>
         <size>0x68</size>
         <input_file_ref idref="fl-e"/>
      </object_component>
      <object_component id="oc-591">
         <name>.text:prvAddCurrentTaskToDelayedList</name>
         <load_address>0x6fba</load_address>
         <run_address>0x6fba</run_address>
         <size>0x66</size>
         <input_file_ref idref="fl-d"/>
      </object_component>
      <object_component id="oc-708">
         <name>.text:prvProcessExpiredTimer</name>
         <load_address>0x7020</load_address>
         <run_address>0x7020</run_address>
         <size>0x62</size>
         <input_file_ref idref="fl-e"/>
      </object_component>
      <object_component id="oc-3cb">
         <name>.text:main</name>
         <load_address>0x7082</load_address>
         <run_address>0x7082</run_address>
         <size>0x5e</size>
         <input_file_ref idref="fl-2"/>
      </object_component>
      <object_component id="oc-430">
         <name>.text:prvTaskLED4</name>
         <load_address>0x70e0</load_address>
         <run_address>0x70e0</run_address>
         <size>0x5e</size>
         <input_file_ref idref="fl-2"/>
      </object_component>
      <object_component id="oc-4e6">
         <name>.text:pvPortMalloc</name>
         <load_address>0x713e</load_address>
         <run_address>0x713e</run_address>
         <size>0x58</size>
         <input_file_ref idref="fl-11"/>
      </object_component>
      <object_component id="oc-578">
         <name>.text</name>
         <load_address>0x7196</load_address>
         <run_address>0x7196</run_address>
         <size>0x58</size>
         <input_file_ref idref="fl-39"/>
      </object_component>
      <object_component id="oc-5f5">
         <name>.text:prvCheckForValidListAndQueue</name>
         <load_address>0x71ee</load_address>
         <run_address>0x71ee</run_address>
         <size>0x54</size>
         <input_file_ref idref="fl-e"/>
      </object_component>
      <object_component id="oc-5c7">
         <name>.text:prvInitialiseTaskLists</name>
         <load_address>0x7242</load_address>
         <run_address>0x7242</run_address>
         <size>0x52</size>
         <input_file_ref idref="fl-d"/>
      </object_component>
      <object_component id="oc-702">
         <name>.text:vQueueWaitForMessageRestricted</name>
         <load_address>0x7294</load_address>
         <run_address>0x7294</run_address>
         <size>0x50</size>
         <input_file_ref idref="fl-c"/>
      </object_component>
      <object_component id="oc-445">
         <name>.text:vTaskStartScheduler</name>
         <load_address>0x72e4</load_address>
         <run_address>0x72e4</run_address>
         <size>0x50</size>
         <input_file_ref idref="fl-d"/>
      </object_component>
      <object_component id="oc-69e">
         <name>.text:xQueueGenericCreate</name>
         <load_address>0x7334</load_address>
         <run_address>0x7334</run_address>
         <size>0x4e</size>
         <input_file_ref idref="fl-c"/>
      </object_component>
      <object_component id="oc-583">
         <name>.text:Init_FLL_Settle</name>
         <load_address>0x7382</load_address>
         <run_address>0x7382</run_address>
         <size>0x4a</size>
         <input_file_ref idref="fl-9"/>
      </object_component>
      <object_component id="oc-41d">
         <name>.text:prvSetupHardware</name>
         <load_address>0x73cc</load_address>
         <run_address>0x73cc</run_address>
         <size>0x4a</size>
         <input_file_ref idref="fl-2"/>
      </object_component>
      <object_component id="oc-519">
         <name>.text:prvInitialiseNewTimer</name>
         <load_address>0x7416</load_address>
         <run_address>0x7416</run_address>
         <size>0x48</size>
         <input_file_ref idref="fl-e"/>
      </object_component>
      <object_component id="oc-70f">
         <name>.text:prvInsertTimerInActiveList</name>
         <load_address>0x745e</load_address>
         <run_address>0x745e</run_address>
         <size>0x48</size>
         <input_file_ref idref="fl-e"/>
      </object_component>
      <object_component id="oc-52a">
         <name>.text:xTimerCreateTimerTask</name>
         <load_address>0x74a6</load_address>
         <run_address>0x74a6</run_address>
         <size>0x46</size>
         <input_file_ref idref="fl-e"/>
      </object_component>
      <object_component id="oc-388">
         <name>.text:__memcpy_far</name>
         <load_address>0x74ec</load_address>
         <run_address>0x74ec</run_address>
         <size>0x40</size>
         <input_file_ref idref="fl-37"/>
      </object_component>
      <object_component id="oc-8f">
         <name>.text:decompress:ZI:__TI_zero_init</name>
         <load_address>0x752c</load_address>
         <run_address>0x752c</run_address>
         <size>0x3e</size>
         <input_file_ref idref="fl-36"/>
      </object_component>
      <object_component id="oc-43c">
         <name>.text:xTimerCreate</name>
         <load_address>0x756a</load_address>
         <run_address>0x756a</run_address>
         <size>0x3e</size>
         <input_file_ref idref="fl-e"/>
      </object_component>
      <object_component id="oc-73">
         <name>.text:decompress:none:__TI_decompress_none</name>
         <load_address>0x75a8</load_address>
         <run_address>0x75a8</run_address>
         <size>0x3c</size>
         <input_file_ref idref="fl-35"/>
      </object_component>
      <object_component id="oc-63c">
         <name>.text:vListInsert</name>
         <load_address>0x75e4</load_address>
         <run_address>0x75e4</run_address>
         <size>0x3c</size>
         <input_file_ref idref="fl-b"/>
      </object_component>
      <object_component id="oc-57d">
         <name>.text:SetVCore</name>
         <load_address>0x7620</load_address>
         <run_address>0x7620</run_address>
         <size>0x3a</size>
         <input_file_ref idref="fl-8"/>
      </object_component>
      <object_component id="oc-500">
         <name>.text:xTimerIsTimerActive</name>
         <load_address>0x765a</load_address>
         <run_address>0x765a</run_address>
         <size>0x3a</size>
         <input_file_ref idref="fl-e"/>
      </object_component>
      <object_component id="oc-4de">
         <name>.text:vTaskDelay</name>
         <load_address>0x7694</load_address>
         <run_address>0x7694</run_address>
         <size>0x36</size>
         <input_file_ref idref="fl-d"/>
      </object_component>
      <object_component id="oc-72b">
         <name>.text:vTaskPlaceOnEventListRestricted</name>
         <load_address>0x76ca</load_address>
         <run_address>0x76ca</run_address>
         <size>0x32</size>
         <input_file_ref idref="fl-d"/>
      </object_component>
      <object_component id="oc-53f">
         <name>.text:uxListRemove</name>
         <load_address>0x76fc</load_address>
         <run_address>0x76fc</run_address>
         <size>0x30</size>
         <input_file_ref idref="fl-b"/>
      </object_component>
      <object_component id="oc-45f">
         <name>.text:vApplicationSetupTimerInterrupt</name>
         <load_address>0x772c</load_address>
         <run_address>0x772c</run_address>
         <size>0x30</size>
         <input_file_ref idref="fl-3"/>
      </object_component>
      <object_component id="oc-67a">
         <name>.text:prvIsQueueFull</name>
         <load_address>0x775c</load_address>
         <run_address>0x775c</run_address>
         <size>0x2e</size>
         <input_file_ref idref="fl-c"/>
      </object_component>
      <object_component id="oc-734">
         <name>.text:prvIsQueueEmpty</name>
         <load_address>0x778a</load_address>
         <run_address>0x778a</run_address>
         <size>0x2c</size>
         <input_file_ref idref="fl-c"/>
      </object_component>
      <object_component id="oc-740">
         <name>.text:prvCopyDataFromQueue</name>
         <load_address>0x77b6</load_address>
         <run_address>0x77b6</run_address>
         <size>0x2a</size>
         <input_file_ref idref="fl-c"/>
      </object_component>
      <object_component id="oc-423">
         <name>.text:prvTaskLED3</name>
         <load_address>0x77e0</load_address>
         <run_address>0x77e0</run_address>
         <size>0x2a</size>
         <input_file_ref idref="fl-2"/>
      </object_component>
      <object_component id="oc-680">
         <name>.text:vTaskPlaceOnEventList</name>
         <load_address>0x780a</load_address>
         <run_address>0x780a</run_address>
         <size>0x2a</size>
         <input_file_ref idref="fl-d"/>
      </object_component>
      <object_component id="oc-6a6">
         <name>.text:prvGetNextExpireTime</name>
         <load_address>0x7834</load_address>
         <run_address>0x7834</run_address>
         <size>0x28</size>
         <input_file_ref idref="fl-e"/>
      </object_component>
      <object_component id="oc-700">
         <name>.text:prvSampleTimeNow</name>
         <load_address>0x785c</load_address>
         <run_address>0x785c</run_address>
         <size>0x28</size>
         <input_file_ref idref="fl-e"/>
      </object_component>
      <object_component id="oc-539">
         <name>.text:prvResetNextTaskUnblockTime</name>
         <load_address>0x7884</load_address>
         <run_address>0x7884</run_address>
         <size>0x24</size>
         <input_file_ref idref="fl-d"/>
      </object_component>
      <object_component id="oc-548">
         <name>.text:vListInsertEnd</name>
         <load_address>0x78a8</load_address>
         <run_address>0x78a8</run_address>
         <size>0x24</size>
         <input_file_ref idref="fl-b"/>
      </object_component>
      <object_component id="oc-506">
         <name>.text:xTaskGetTickCount</name>
         <load_address>0x78cc</load_address>
         <run_address>0x78cc</run_address>
         <size>0x24</size>
         <input_file_ref idref="fl-d"/>
      </object_component>
      <object_component id="oc-656">
         <name>.text:vListInitialise</name>
         <load_address>0x78f0</load_address>
         <run_address>0x78f0</run_address>
         <size>0x22</size>
         <input_file_ref idref="fl-b"/>
      </object_component>
      <object_component id="oc-6f8">
         <name>.text:prvInitialiseNewQueue</name>
         <load_address>0x7912</load_address>
         <run_address>0x7912</run_address>
         <size>0x20</size>
         <input_file_ref idref="fl-c"/>
      </object_component>
      <object_component id="oc-5c0">
         <name>.text:pxPortInitialiseStack</name>
         <load_address>0x7932</load_address>
         <run_address>0x7932</run_address>
         <size>0x20</size>
         <input_file_ref idref="fl-f"/>
      </object_component>
      <object_component id="oc-668">
         <name>.text:vTaskSetTimeOutState</name>
         <load_address>0x7952</load_address>
         <run_address>0x7952</run_address>
         <size>0x1c</size>
         <input_file_ref idref="fl-d"/>
      </object_component>
      <object_component id="oc-746">
         <name>.text:pvTaskIncrementMutexHeldCount</name>
         <load_address>0x796e</load_address>
         <run_address>0x796e</run_address>
         <size>0x18</size>
         <input_file_ref idref="fl-d"/>
      </object_component>
      <object_component id="oc-49c">
         <name>.text</name>
         <load_address>0x7986</load_address>
         <run_address>0x7986</run_address>
         <size>0x18</size>
         <input_file_ref idref="fl-56"/>
      </object_component>
      <object_component id="oc-5dd">
         <name>.text:xTaskGetSchedulerState</name>
         <load_address>0x799e</load_address>
         <run_address>0x799e</run_address>
         <size>0x18</size>
         <input_file_ref idref="fl-d"/>
      </object_component>
      <object_component id="oc-605">
         <name>.text:prvTimerTask</name>
         <load_address>0x79b6</load_address>
         <run_address>0x79b6</run_address>
         <size>0x16</size>
         <input_file_ref idref="fl-e"/>
      </object_component>
      <object_component id="oc-55c">
         <name>.text</name>
         <load_address>0x79cc</load_address>
         <run_address>0x79cc</run_address>
         <size>0x16</size>
         <input_file_ref idref="fl-38"/>
      </object_component>
      <object_component id="oc-5b4">
         <name>.text:memset</name>
         <load_address>0x79e2</load_address>
         <run_address>0x79e2</run_address>
         <size>0x14</size>
         <input_file_ref idref="fl-52"/>
      </object_component>
      <object_component id="oc-4a1">
         <name>.text:memcpy</name>
         <load_address>0x79f6</load_address>
         <run_address>0x79f6</run_address>
         <size>0x12</size>
         <input_file_ref idref="fl-51"/>
      </object_component>
      <object_component id="oc-523">
         <name>.text:prvIdleTask</name>
         <load_address>0x7a08</load_address>
         <run_address>0x7a08</run_address>
         <size>0x12</size>
         <input_file_ref idref="fl-d"/>
      </object_component>
      <object_component id="oc-4d7">
         <name>.text:vHALInitLED</name>
         <load_address>0x7a1a</load_address>
         <run_address>0x7a1a</run_address>
         <size>0xe</size>
         <input_file_ref idref="fl-5"/>
      </object_component>
      <object_component id="oc-4ec">
         <name>.text:vPortFree</name>
         <load_address>0x7a28</load_address>
         <run_address>0x7a28</run_address>
         <size>0xe</size>
         <input_file_ref idref="fl-11"/>
      </object_component>
      <object_component id="oc-5fe">
         <name>.text:vApplicationIdleHook</name>
         <load_address>0x7a36</load_address>
         <run_address>0x7a36</run_address>
         <size>0xa</size>
         <input_file_ref idref="fl-3"/>
      </object_component>
      <object_component id="oc-5a6">
         <name>.text:vApplicationMallocFailedHook</name>
         <load_address>0x7a40</load_address>
         <run_address>0x7a40</run_address>
         <size>0xa</size>
         <input_file_ref idref="fl-3"/>
      </object_component>
      <object_component id="oc-555">
         <name>.text:vApplicationStackOverflowHook</name>
         <load_address>0x7a4a</load_address>
         <run_address>0x7a4a</run_address>
         <size>0xa</size>
         <input_file_ref idref="fl-3"/>
      </object_component>
      <object_component id="oc-436">
         <name>.text:vTimer100Callback</name>
         <load_address>0x7a54</load_address>
         <run_address>0x7a54</run_address>
         <size>0x8</size>
         <input_file_ref idref="fl-2"/>
      </object_component>
      <object_component id="oc-3d3">
         <name>.text:abort</name>
         <load_address>0x7a5c</load_address>
         <run_address>0x7a5c</run_address>
         <size>0x6</size>
         <input_file_ref idref="fl-3a"/>
      </object_component>
      <object_component id="oc-5ba">
         <name>.text:vListInitialiseItem</name>
         <load_address>0x7a62</load_address>
         <run_address>0x7a62</run_address>
         <size>0x6</size>
         <input_file_ref idref="fl-b"/>
      </object_component>
      <object_component id="oc-6da">
         <name>.text:vTaskMissedYield</name>
         <load_address>0x7a68</load_address>
         <run_address>0x7a68</run_address>
         <size>0x6</size>
         <input_file_ref idref="fl-d"/>
      </object_component>
      <object_component id="oc-58b">
         <name>.text:vTaskSuspendAll</name>
         <load_address>0x7a6e</load_address>
         <run_address>0x7a6e</run_address>
         <size>0x6</size>
         <input_file_ref idref="fl-d"/>
      </object_component>
      <object_component id="oc-3ab">
         <name>.text:_system_pre_init</name>
         <load_address>0x7a74</load_address>
         <run_address>0x7a74</run_address>
         <size>0x4</size>
         <input_file_ref idref="fl-5a"/>
      </object_component>
      <object_component id="oc-3fc">
         <name>.text:_system_post_cinit</name>
         <load_address>0x7a78</load_address>
         <run_address>0x7a78</run_address>
         <size>0x2</size>
         <input_file_ref idref="fl-5f"/>
      </object_component>
      <object_component id="oc-54e">
         <name>.text:vApplicationTickHook</name>
         <load_address>0x7a7a</load_address>
         <run_address>0x7a7a</run_address>
         <size>0x2</size>
         <input_file_ref idref="fl-3"/>
      </object_component>
      <object_component id="oc-39f">
         <name>.text:_isr:usci_a0_isr</name>
         <load_address>0x7a7c</load_address>
         <run_address>0x7a7c</run_address>
         <size>0x52</size>
         <input_file_ref idref="fl-7"/>
      </object_component>
      <object_component id="oc-ad">
         <name>.text:_isr:_c_int00_noargs_noexit</name>
         <load_address>0x7ace</load_address>
         <run_address>0x7ace</run_address>
         <size>0x1a</size>
         <input_file_ref idref="fl-33"/>
      </object_component>
      <object_component id="oc-399">
         <name>.text:_isr:vTickISREntry</name>
         <load_address>0x7ae8</load_address>
         <run_address>0x7ae8</run_address>
         <size>0x10</size>
         <input_file_ref idref="fl-f"/>
      </object_component>
      <object_component id="oc-394">
         <name>.text:_isr:__TI_ISR_TRAP</name>
         <load_address>0x7af8</load_address>
         <run_address>0x7af8</run_address>
         <size>0x8</size>
         <input_file_ref idref="fl-50"/>
      </object_component>
      <object_component id="oc-7bb">
         <name>__TI_handler_table</name>
         <load_address>0x7b28</load_address>
         <run_address>0x7b28</run_address>
         <size>0xc</size>
      </object_component>
      <object_component id="oc-7be">
         <name>.cinit..data.load</name>
         <load_address>0x7b34</load_address>
         <run_address>0x7b34</run_address>
         <size>0xa</size>
      </object_component>
      <object_component id="oc-7bd">
         <name>.cinit..bss.load</name>
         <load_address>0x7b3e</load_address>
         <run_address>0x7b3e</run_address>
         <size>0x6</size>
      </object_component>
      <object_component id="oc-7bc">
         <name>__TI_cinit_table</name>
         <load_address>0x7b44</load_address>
         <run_address>0x7b44</run_address>
         <size>0x10</size>
      </object_component>
      <object_component id="oc-429">
         <name>.const:.string</name>
         <load_address>0x7b00</load_address>
         <run_address>0x7b00</run_address>
         <size>0x1a</size>
         <input_file_ref idref="fl-2"/>
      </object_component>
      <object_component id="oc-60b">
         <name>.const:.string</name>
         <load_address>0x7b1a</load_address>
         <run_address>0x7b1a</run_address>
         <size>0x8</size>
         <input_file_ref idref="fl-e"/>
      </object_component>
      <object_component id="oc-529">
         <name>.const:.string</name>
         <load_address>0x7b22</load_address>
         <run_address>0x7b22</run_address>
         <size>0x6</size>
         <input_file_ref idref="fl-d"/>
      </object_component>
      <object_component id="oc-755">
         <name>.binit</name>
         <load_address>0x5c00</load_address>
         <run_address>0x5c00</run_address>
         <size>0x0</size>
      </object_component>
      <object_component id="oc-79">
         <name>.int41</name>
         <load_address>0xffd2</load_address>
         <run_address>0xffd2</run_address>
         <size>0x2</size>
         <input_file_ref idref="fl-3c"/>
      </object_component>
      <object_component id="oc-7a">
         <name>.int42</name>
         <load_address>0xffd4</load_address>
         <run_address>0xffd4</run_address>
         <size>0x2</size>
         <input_file_ref idref="fl-3d"/>
      </object_component>
      <object_component id="oc-7b">
         <name>.int43</name>
         <load_address>0xffd6</load_address>
         <run_address>0xffd6</run_address>
         <size>0x2</size>
         <input_file_ref idref="fl-3e"/>
      </object_component>
      <object_component id="oc-7c">
         <name>.int44</name>
         <load_address>0xffd8</load_address>
         <run_address>0xffd8</run_address>
         <size>0x2</size>
         <input_file_ref idref="fl-3f"/>
      </object_component>
      <object_component id="oc-7d">
         <name>.int45</name>
         <load_address>0xffda</load_address>
         <run_address>0xffda</run_address>
         <size>0x2</size>
         <input_file_ref idref="fl-40"/>
      </object_component>
      <object_component id="oc-7e">
         <name>.int46</name>
         <load_address>0xffdc</load_address>
         <run_address>0xffdc</run_address>
         <size>0x2</size>
         <input_file_ref idref="fl-41"/>
      </object_component>
      <object_component id="oc-7f">
         <name>.int47</name>
         <load_address>0xffde</load_address>
         <run_address>0xffde</run_address>
         <size>0x2</size>
         <input_file_ref idref="fl-42"/>
      </object_component>
      <object_component id="oc-80">
         <name>.int48</name>
         <load_address>0xffe0</load_address>
         <run_address>0xffe0</run_address>
         <size>0x2</size>
         <input_file_ref idref="fl-43"/>
      </object_component>
      <object_component id="oc-81">
         <name>.int49</name>
         <load_address>0xffe2</load_address>
         <run_address>0xffe2</run_address>
         <size>0x2</size>
         <input_file_ref idref="fl-44"/>
      </object_component>
      <object_component id="oc-82">
         <name>.int50</name>
         <load_address>0xffe4</load_address>
         <run_address>0xffe4</run_address>
         <size>0x2</size>
         <input_file_ref idref="fl-45"/>
      </object_component>
      <object_component id="oc-83">
         <name>.int51</name>
         <load_address>0xffe6</load_address>
         <run_address>0xffe6</run_address>
         <size>0x2</size>
         <input_file_ref idref="fl-46"/>
      </object_component>
      <object_component id="oc-84">
         <name>.int52</name>
         <load_address>0xffe8</load_address>
         <run_address>0xffe8</run_address>
         <size>0x2</size>
         <input_file_ref idref="fl-47"/>
      </object_component>
      <object_component id="oc-85">
         <name>.int53</name>
         <load_address>0xffea</load_address>
         <run_address>0xffea</run_address>
         <size>0x2</size>
         <input_file_ref idref="fl-48"/>
      </object_component>
      <object_component id="oc-86">
         <name>.int54</name>
         <load_address>0xffec</load_address>
         <run_address>0xffec</run_address>
         <size>0x2</size>
         <input_file_ref idref="fl-f"/>
      </object_component>
      <object_component id="oc-87">
         <name>.int55</name>
         <load_address>0xffee</load_address>
         <run_address>0xffee</run_address>
         <size>0x2</size>
         <input_file_ref idref="fl-49"/>
      </object_component>
      <object_component id="oc-88">
         <name>.int56</name>
         <load_address>0xfff0</load_address>
         <run_address>0xfff0</run_address>
         <size>0x2</size>
         <input_file_ref idref="fl-4a"/>
      </object_component>
      <object_component id="oc-89">
         <name>.int57</name>
         <load_address>0xfff2</load_address>
         <run_address>0xfff2</run_address>
         <size>0x2</size>
         <input_file_ref idref="fl-7"/>
      </object_component>
      <object_component id="oc-8a">
         <name>.int58</name>
         <load_address>0xfff4</load_address>
         <run_address>0xfff4</run_address>
         <size>0x2</size>
         <input_file_ref idref="fl-4b"/>
      </object_component>
      <object_component id="oc-8b">
         <name>.int59</name>
         <load_address>0xfff6</load_address>
         <run_address>0xfff6</run_address>
         <size>0x2</size>
         <input_file_ref idref="fl-4c"/>
      </object_component>
      <object_component id="oc-8c">
         <name>.int60</name>
         <load_address>0xfff8</load_address>
         <run_address>0xfff8</run_address>
         <size>0x2</size>
         <input_file_ref idref="fl-4d"/>
      </object_component>
      <object_component id="oc-8d">
         <name>.int61</name>
         <load_address>0xfffa</load_address>
         <run_address>0xfffa</run_address>
         <size>0x2</size>
         <input_file_ref idref="fl-4e"/>
      </object_component>
      <object_component id="oc-8e">
         <name>.int62</name>
         <load_address>0xfffc</load_address>
         <run_address>0xfffc</run_address>
         <size>0x2</size>
         <input_file_ref idref="fl-4f"/>
      </object_component>
      <object_component id="oc-37c">
         <name>.reset</name>
         <load_address>0xfffe</load_address>
         <run_address>0xfffe</run_address>
         <size>0x2</size>
         <input_file_ref idref="fl-32"/>
      </object_component>
      <object_component id="oc-4e5">
         <name>.debug_info</name>
         <load_address>0x0</load_address>
         <run_address>0x0</run_address>
         <size>0x56b</size>
         <input_file_ref idref="fl-2"/>
      </object_component>
      <object_component id="oc-443">
         <name>.debug_info</name>
         <load_address>0x56b</load_address>
         <run_address>0x56b</run_address>
         <size>0xd8</size>
         <input_file_ref idref="fl-2"/>
      </object_component>
      <object_component id="oc-424">
         <name>.debug_info</name>
         <load_address>0x643</load_address>
         <run_address>0x643</run_address>
         <size>0x168</size>
         <input_file_ref idref="fl-2"/>
      </object_component>
      <object_component id="oc-431">
         <name>.debug_info</name>
         <load_address>0x7ab</load_address>
         <run_address>0x7ab</run_address>
         <size>0x1d0</size>
         <input_file_ref idref="fl-2"/>
      </object_component>
      <object_component id="oc-437">
         <name>.debug_info</name>
         <load_address>0x97b</load_address>
         <run_address>0x97b</run_address>
         <size>0x127</size>
         <input_file_ref idref="fl-2"/>
      </object_component>
      <object_component id="oc-3cc">
         <name>.debug_info</name>
         <load_address>0xaa2</load_address>
         <run_address>0xaa2</run_address>
         <size>0x15b</size>
         <input_file_ref idref="fl-2"/>
      </object_component>
      <object_component id="oc-41e">
         <name>.debug_info</name>
         <load_address>0xbfd</load_address>
         <run_address>0xbfd</run_address>
         <size>0x13d</size>
         <input_file_ref idref="fl-2"/>
      </object_component>
      <object_component id="oc-488">
         <name>.debug_info</name>
         <load_address>0xd3a</load_address>
         <run_address>0xd3a</run_address>
         <size>0x30c</size>
         <input_file_ref idref="fl-2"/>
      </object_component>
      <object_component id="oc-492">
         <name>.debug_info</name>
         <load_address>0x1046</load_address>
         <run_address>0x1046</run_address>
         <size>0x364</size>
         <input_file_ref idref="fl-2"/>
      </object_component>
      <object_component id="oc-383">
         <name>.debug_info</name>
         <load_address>0x13aa</load_address>
         <run_address>0x13aa</run_address>
         <size>0x84</size>
         <input_file_ref idref="fl-2"/>
      </object_component>
      <object_component id="oc-514">
         <name>.debug_info</name>
         <load_address>0x142e</load_address>
         <run_address>0x142e</run_address>
         <size>0x46</size>
         <input_file_ref idref="fl-2"/>
      </object_component>
      <object_component id="oc-497">
         <name>.debug_info</name>
         <load_address>0x1474</load_address>
         <run_address>0x1474</run_address>
         <size>0x2c</size>
         <input_file_ref idref="fl-2"/>
      </object_component>
      <object_component id="oc-479">
         <name>.debug_info</name>
         <load_address>0x14a0</load_address>
         <run_address>0x14a0</run_address>
         <size>0x18b</size>
         <input_file_ref idref="fl-2"/>
      </object_component>
      <object_component id="oc-47e">
         <name>.debug_info</name>
         <load_address>0x162b</load_address>
         <run_address>0x162b</run_address>
         <size>0x53</size>
         <input_file_ref idref="fl-2"/>
      </object_component>
      <object_component id="oc-48d">
         <name>.debug_info</name>
         <load_address>0x167e</load_address>
         <run_address>0x167e</run_address>
         <size>0x14c</size>
         <input_file_ref idref="fl-2"/>
      </object_component>
      <object_component id="oc-562">
         <name>.debug_info</name>
         <load_address>0x17ca</load_address>
         <run_address>0x17ca</run_address>
         <size>0x32c</size>
         <input_file_ref idref="fl-3"/>
      </object_component>
      <object_component id="oc-54f">
         <name>.debug_info</name>
         <load_address>0x1af6</load_address>
         <run_address>0x1af6</run_address>
         <size>0x119</size>
         <input_file_ref idref="fl-3"/>
      </object_component>
      <object_component id="oc-460">
         <name>.debug_info</name>
         <load_address>0x1c0f</load_address>
         <run_address>0x1c0f</run_address>
         <size>0x172</size>
         <input_file_ref idref="fl-3"/>
      </object_component>
      <object_component id="oc-5ff">
         <name>.debug_info</name>
         <load_address>0x1d81</load_address>
         <run_address>0x1d81</run_address>
         <size>0x119</size>
         <input_file_ref idref="fl-3"/>
      </object_component>
      <object_component id="oc-5a7">
         <name>.debug_info</name>
         <load_address>0x1e9a</load_address>
         <run_address>0x1e9a</run_address>
         <size>0x11e</size>
         <input_file_ref idref="fl-3"/>
      </object_component>
      <object_component id="oc-556">
         <name>.debug_info</name>
         <load_address>0x1fb8</load_address>
         <run_address>0x1fb8</run_address>
         <size>0x157</size>
         <input_file_ref idref="fl-3"/>
      </object_component>
      <object_component id="oc-4d2">
         <name>.debug_info</name>
         <load_address>0x210f</load_address>
         <run_address>0x210f</run_address>
         <size>0x29f</size>
         <input_file_ref idref="fl-4"/>
      </object_component>
      <object_component id="oc-4d8">
         <name>.debug_info</name>
         <load_address>0x23ae</load_address>
         <run_address>0x23ae</run_address>
         <size>0x137</size>
         <input_file_ref idref="fl-5"/>
      </object_component>
      <object_component id="oc-563">
         <name>.debug_info</name>
         <load_address>0x24e5</load_address>
         <run_address>0x24e5</run_address>
         <size>0x21f</size>
         <input_file_ref idref="fl-6"/>
      </object_component>
      <object_component id="oc-468">
         <name>.debug_info</name>
         <load_address>0x2704</load_address>
         <run_address>0x2704</run_address>
         <size>0xbb</size>
         <input_file_ref idref="fl-6"/>
      </object_component>
      <object_component id="oc-61e">
         <name>.debug_info</name>
         <load_address>0x27bf</load_address>
         <run_address>0x27bf</run_address>
         <size>0x46</size>
         <input_file_ref idref="fl-6"/>
      </object_component>
      <object_component id="oc-3f4">
         <name>.debug_info</name>
         <load_address>0x2805</load_address>
         <run_address>0x2805</run_address>
         <size>0x60c</size>
         <input_file_ref idref="fl-7"/>
      </object_component>
      <object_component id="oc-3f1">
         <name>.debug_info</name>
         <load_address>0x2e11</load_address>
         <run_address>0x2e11</run_address>
         <size>0x14d</size>
         <input_file_ref idref="fl-7"/>
      </object_component>
      <object_component id="oc-3a0">
         <name>.debug_info</name>
         <load_address>0x2f5e</load_address>
         <run_address>0x2f5e</run_address>
         <size>0x157</size>
         <input_file_ref idref="fl-7"/>
      </object_component>
      <object_component id="oc-483">
         <name>.debug_info</name>
         <load_address>0x30b5</load_address>
         <run_address>0x30b5</run_address>
         <size>0x90</size>
         <input_file_ref idref="fl-7"/>
      </object_component>
      <object_component id="oc-46d">
         <name>.debug_info</name>
         <load_address>0x3145</load_address>
         <run_address>0x3145</run_address>
         <size>0x46</size>
         <input_file_ref idref="fl-7"/>
      </object_component>
      <object_component id="oc-472">
         <name>.debug_info</name>
         <load_address>0x318b</load_address>
         <run_address>0x318b</run_address>
         <size>0x2c</size>
         <input_file_ref idref="fl-7"/>
      </object_component>
      <object_component id="oc-627">
         <name>.debug_info</name>
         <load_address>0x31b7</load_address>
         <run_address>0x31b7</run_address>
         <size>0x1de</size>
         <input_file_ref idref="fl-8"/>
      </object_component>
      <object_component id="oc-62d">
         <name>.debug_info</name>
         <load_address>0x3395</load_address>
         <run_address>0x3395</run_address>
         <size>0x1e2</size>
         <input_file_ref idref="fl-8"/>
      </object_component>
      <object_component id="oc-57e">
         <name>.debug_info</name>
         <load_address>0x3577</load_address>
         <run_address>0x3577</run_address>
         <size>0x1bc</size>
         <input_file_ref idref="fl-8"/>
      </object_component>
      <object_component id="oc-63a">
         <name>.debug_info</name>
         <load_address>0x3733</load_address>
         <run_address>0x3733</run_address>
         <size>0x2fc</size>
         <input_file_ref idref="fl-9"/>
      </object_component>
      <object_component id="oc-584">
         <name>.debug_info</name>
         <load_address>0x3a2f</load_address>
         <run_address>0x3a2f</run_address>
         <size>0x1d7</size>
         <input_file_ref idref="fl-9"/>
      </object_component>
      <object_component id="oc-634">
         <name>.debug_info</name>
         <load_address>0x3c06</load_address>
         <run_address>0x3c06</run_address>
         <size>0x1be</size>
         <input_file_ref idref="fl-9"/>
      </object_component>
      <object_component id="oc-651">
         <name>.debug_info</name>
         <load_address>0x3dc4</load_address>
         <run_address>0x3dc4</run_address>
         <size>0x587</size>
         <input_file_ref idref="fl-a"/>
      </object_component>
      <object_component id="oc-5ae">
         <name>.debug_info</name>
         <load_address>0x434b</load_address>
         <run_address>0x434b</run_address>
         <size>0x110</size>
         <input_file_ref idref="fl-a"/>
      </object_component>
      <object_component id="oc-6c7">
         <name>.debug_info</name>
         <load_address>0x445b</load_address>
         <run_address>0x445b</run_address>
         <size>0x39</size>
         <input_file_ref idref="fl-a"/>
      </object_component>
      <object_component id="oc-6cc">
         <name>.debug_info</name>
         <load_address>0x4494</load_address>
         <run_address>0x4494</run_address>
         <size>0x62</size>
         <input_file_ref idref="fl-a"/>
      </object_component>
      <object_component id="oc-613">
         <name>.debug_info</name>
         <load_address>0x44f6</load_address>
         <run_address>0x44f6</run_address>
         <size>0x22b</size>
         <input_file_ref idref="fl-b"/>
      </object_component>
      <object_component id="oc-657">
         <name>.debug_info</name>
         <load_address>0x4721</load_address>
         <run_address>0x4721</run_address>
         <size>0x169</size>
         <input_file_ref idref="fl-b"/>
      </object_component>
      <object_component id="oc-5bb">
         <name>.debug_info</name>
         <load_address>0x488a</load_address>
         <run_address>0x488a</run_address>
         <size>0x171</size>
         <input_file_ref idref="fl-b"/>
      </object_component>
      <object_component id="oc-549">
         <name>.debug_info</name>
         <load_address>0x49fb</load_address>
         <run_address>0x49fb</run_address>
         <size>0x1c4</size>
         <input_file_ref idref="fl-b"/>
      </object_component>
      <object_component id="oc-63d">
         <name>.debug_info</name>
         <load_address>0x4bbf</load_address>
         <run_address>0x4bbf</run_address>
         <size>0x1ef</size>
         <input_file_ref idref="fl-b"/>
      </object_component>
      <object_component id="oc-540">
         <name>.debug_info</name>
         <load_address>0x4dae</load_address>
         <run_address>0x4dae</run_address>
         <size>0x19c</size>
         <input_file_ref idref="fl-b"/>
      </object_component>
      <object_component id="oc-693">
         <name>.debug_info</name>
         <load_address>0x4f4a</load_address>
         <run_address>0x4f4a</run_address>
         <size>0x778</size>
         <input_file_ref idref="fl-c"/>
      </object_component>
      <object_component id="oc-71f">
         <name>.debug_info</name>
         <load_address>0x56c2</load_address>
         <run_address>0x56c2</run_address>
         <size>0x24a</size>
         <input_file_ref idref="fl-c"/>
      </object_component>
      <object_component id="oc-69f">
         <name>.debug_info</name>
         <load_address>0x590c</load_address>
         <run_address>0x590c</run_address>
         <size>0x2c1</size>
         <input_file_ref idref="fl-c"/>
      </object_component>
      <object_component id="oc-6f9">
         <name>.debug_info</name>
         <load_address>0x5bcd</load_address>
         <run_address>0x5bcd</run_address>
         <size>0x26a</size>
         <input_file_ref idref="fl-c"/>
      </object_component>
      <object_component id="oc-5e4">
         <name>.debug_info</name>
         <load_address>0x5e37</load_address>
         <run_address>0x5e37</run_address>
         <size>0x442</size>
         <input_file_ref idref="fl-c"/>
      </object_component>
      <object_component id="oc-5ea">
         <name>.debug_info</name>
         <load_address>0x6279</load_address>
         <run_address>0x6279</run_address>
         <size>0x304</size>
         <input_file_ref idref="fl-c"/>
      </object_component>
      <object_component id="oc-716">
         <name>.debug_info</name>
         <load_address>0x657d</load_address>
         <run_address>0x657d</run_address>
         <size>0x4e2</size>
         <input_file_ref idref="fl-c"/>
      </object_component>
      <object_component id="oc-687">
         <name>.debug_info</name>
         <load_address>0x6a5f</load_address>
         <run_address>0x6a5f</run_address>
         <size>0x24f</size>
         <input_file_ref idref="fl-c"/>
      </object_component>
      <object_component id="oc-741">
         <name>.debug_info</name>
         <load_address>0x6cae</load_address>
         <run_address>0x6cae</run_address>
         <size>0x1bb</size>
         <input_file_ref idref="fl-c"/>
      </object_component>
      <object_component id="oc-675">
         <name>.debug_info</name>
         <load_address>0x6e69</load_address>
         <run_address>0x6e69</run_address>
         <size>0x20a</size>
         <input_file_ref idref="fl-c"/>
      </object_component>
      <object_component id="oc-735">
         <name>.debug_info</name>
         <load_address>0x7073</load_address>
         <run_address>0x7073</run_address>
         <size>0x18d</size>
         <input_file_ref idref="fl-c"/>
      </object_component>
      <object_component id="oc-67b">
         <name>.debug_info</name>
         <load_address>0x7200</load_address>
         <run_address>0x7200</run_address>
         <size>0x18b</size>
         <input_file_ref idref="fl-c"/>
      </object_component>
      <object_component id="oc-703">
         <name>.debug_info</name>
         <load_address>0x738b</load_address>
         <run_address>0x738b</run_address>
         <size>0x22b</size>
         <input_file_ref idref="fl-c"/>
      </object_component>
      <object_component id="oc-6ed">
         <name>.debug_info</name>
         <load_address>0x75b6</load_address>
         <run_address>0x75b6</run_address>
         <size>0x155</size>
         <input_file_ref idref="fl-c"/>
      </object_component>
      <object_component id="oc-4ff">
         <name>.debug_info</name>
         <load_address>0x770b</load_address>
         <run_address>0x770b</run_address>
         <size>0x73e</size>
         <input_file_ref idref="fl-d"/>
      </object_component>
      <object_component id="oc-451">
         <name>.debug_info</name>
         <load_address>0x7e49</load_address>
         <run_address>0x7e49</run_address>
         <size>0x30a</size>
         <input_file_ref idref="fl-d"/>
      </object_component>
      <object_component id="oc-546">
         <name>.debug_info</name>
         <load_address>0x8153</load_address>
         <run_address>0x8153</run_address>
         <size>0xfa</size>
         <input_file_ref idref="fl-d"/>
      </object_component>
      <object_component id="oc-65d">
         <name>.debug_info</name>
         <load_address>0x824d</load_address>
         <run_address>0x824d</run_address>
         <size>0xfa</size>
         <input_file_ref idref="fl-d"/>
      </object_component>
      <object_component id="oc-660">
         <name>.debug_info</name>
         <load_address>0x8347</load_address>
         <run_address>0x8347</run_address>
         <size>0xfa</size>
         <input_file_ref idref="fl-d"/>
      </object_component>
      <object_component id="oc-537">
         <name>.debug_info</name>
         <load_address>0x8441</load_address>
         <run_address>0x8441</run_address>
         <size>0x13d</size>
         <input_file_ref idref="fl-d"/>
      </object_component>
      <object_component id="oc-647">
         <name>.debug_info</name>
         <load_address>0x857e</load_address>
         <run_address>0x857e</run_address>
         <size>0xfa</size>
         <input_file_ref idref="fl-d"/>
      </object_component>
      <object_component id="oc-643">
         <name>.debug_info</name>
         <load_address>0x8678</load_address>
         <run_address>0x8678</run_address>
         <size>0xfc</size>
         <input_file_ref idref="fl-d"/>
      </object_component>
      <object_component id="oc-42b">
         <name>.debug_info</name>
         <load_address>0x8774</load_address>
         <run_address>0x8774</run_address>
         <size>0x363</size>
         <input_file_ref idref="fl-d"/>
      </object_component>
      <object_component id="oc-4f3">
         <name>.debug_info</name>
         <load_address>0x8ad7</load_address>
         <run_address>0x8ad7</run_address>
         <size>0x399</size>
         <input_file_ref idref="fl-d"/>
      </object_component>
      <object_component id="oc-4f9">
         <name>.debug_info</name>
         <load_address>0x8e70</load_address>
         <run_address>0x8e70</run_address>
         <size>0x1df</size>
         <input_file_ref idref="fl-d"/>
      </object_component>
      <object_component id="oc-4df">
         <name>.debug_info</name>
         <load_address>0x904f</load_address>
         <run_address>0x904f</run_address>
         <size>0x209</size>
         <input_file_ref idref="fl-d"/>
      </object_component>
      <object_component id="oc-446">
         <name>.debug_info</name>
         <load_address>0x9258</load_address>
         <run_address>0x9258</run_address>
         <size>0x1ac</size>
         <input_file_ref idref="fl-d"/>
      </object_component>
      <object_component id="oc-58c">
         <name>.debug_info</name>
         <load_address>0x9404</load_address>
         <run_address>0x9404</run_address>
         <size>0x145</size>
         <input_file_ref idref="fl-d"/>
      </object_component>
      <object_component id="oc-598">
         <name>.debug_info</name>
         <load_address>0x9549</load_address>
         <run_address>0x9549</run_address>
         <size>0x241</size>
         <input_file_ref idref="fl-d"/>
      </object_component>
      <object_component id="oc-507">
         <name>.debug_info</name>
         <load_address>0x978a</load_address>
         <run_address>0x978a</run_address>
         <size>0x162</size>
         <input_file_ref idref="fl-d"/>
      </object_component>
      <object_component id="oc-454">
         <name>.debug_info</name>
         <load_address>0x98ec</load_address>
         <run_address>0x98ec</run_address>
         <size>0x29d</size>
         <input_file_ref idref="fl-d"/>
      </object_component>
      <object_component id="oc-45a">
         <name>.debug_info</name>
         <load_address>0x9b89</load_address>
         <run_address>0x9b89</run_address>
         <size>0x218</size>
         <input_file_ref idref="fl-d"/>
      </object_component>
      <object_component id="oc-681">
         <name>.debug_info</name>
         <load_address>0x9da1</load_address>
         <run_address>0x9da1</run_address>
         <size>0x208</size>
         <input_file_ref idref="fl-d"/>
      </object_component>
      <object_component id="oc-72c">
         <name>.debug_info</name>
         <load_address>0x9fa9</load_address>
         <run_address>0x9fa9</run_address>
         <size>0x275</size>
         <input_file_ref idref="fl-d"/>
      </object_component>
      <object_component id="oc-68d">
         <name>.debug_info</name>
         <load_address>0xa21e</load_address>
         <run_address>0xa21e</run_address>
         <size>0x239</size>
         <input_file_ref idref="fl-d"/>
      </object_component>
      <object_component id="oc-669">
         <name>.debug_info</name>
         <load_address>0xa457</load_address>
         <run_address>0xa457</run_address>
         <size>0x185</size>
         <input_file_ref idref="fl-d"/>
      </object_component>
      <object_component id="oc-66f">
         <name>.debug_info</name>
         <load_address>0xa5dc</load_address>
         <run_address>0xa5dc</run_address>
         <size>0x228</size>
         <input_file_ref idref="fl-d"/>
      </object_component>
      <object_component id="oc-6db">
         <name>.debug_info</name>
         <load_address>0xa804</load_address>
         <run_address>0xa804</run_address>
         <size>0x147</size>
         <input_file_ref idref="fl-d"/>
      </object_component>
      <object_component id="oc-524">
         <name>.debug_info</name>
         <load_address>0xa94b</load_address>
         <run_address>0xa94b</run_address>
         <size>0x183</size>
         <input_file_ref idref="fl-d"/>
      </object_component>
      <object_component id="oc-5c8">
         <name>.debug_info</name>
         <load_address>0xaace</load_address>
         <run_address>0xaace</run_address>
         <size>0x1f1</size>
         <input_file_ref idref="fl-d"/>
      </object_component>
      <object_component id="oc-53a">
         <name>.debug_info</name>
         <load_address>0xacbf</load_address>
         <run_address>0xacbf</run_address>
         <size>0x16f</size>
         <input_file_ref idref="fl-d"/>
      </object_component>
      <object_component id="oc-5de">
         <name>.debug_info</name>
         <load_address>0xae2e</load_address>
         <run_address>0xae2e</run_address>
         <size>0x16e</size>
         <input_file_ref idref="fl-d"/>
      </object_component>
      <object_component id="oc-73b">
         <name>.debug_info</name>
         <load_address>0xaf9c</load_address>
         <run_address>0xaf9c</run_address>
         <size>0x1f8</size>
         <input_file_ref idref="fl-d"/>
      </object_component>
      <object_component id="oc-6e4">
         <name>.debug_info</name>
         <load_address>0xb194</load_address>
         <run_address>0xb194</run_address>
         <size>0x205</size>
         <input_file_ref idref="fl-d"/>
      </object_component>
      <object_component id="oc-747">
         <name>.debug_info</name>
         <load_address>0xb399</load_address>
         <run_address>0xb399</run_address>
         <size>0x165</size>
         <input_file_ref idref="fl-d"/>
      </object_component>
      <object_component id="oc-592">
         <name>.debug_info</name>
         <load_address>0xb4fe</load_address>
         <run_address>0xb4fe</run_address>
         <size>0x29c</size>
         <input_file_ref idref="fl-d"/>
      </object_component>
      <object_component id="oc-5d0">
         <name>.debug_info</name>
         <load_address>0xb79a</load_address>
         <run_address>0xb79a</run_address>
         <size>0x11c</size>
         <input_file_ref idref="fl-d"/>
      </object_component>
      <object_component id="oc-520">
         <name>.debug_info</name>
         <load_address>0xb8b6</load_address>
         <run_address>0xb8b6</run_address>
         <size>0x745</size>
         <input_file_ref idref="fl-e"/>
      </object_component>
      <object_component id="oc-696">
         <name>.debug_info</name>
         <load_address>0xbffb</load_address>
         <run_address>0xbffb</run_address>
         <size>0xfa</size>
         <input_file_ref idref="fl-e"/>
      </object_component>
      <object_component id="oc-699">
         <name>.debug_info</name>
         <load_address>0xc0f5</load_address>
         <run_address>0xc0f5</run_address>
         <size>0xfa</size>
         <input_file_ref idref="fl-e"/>
      </object_component>
      <object_component id="oc-69c">
         <name>.debug_info</name>
         <load_address>0xc1ef</load_address>
         <run_address>0xc1ef</run_address>
         <size>0x132</size>
         <input_file_ref idref="fl-e"/>
      </object_component>
      <object_component id="oc-5d8">
         <name>.debug_info</name>
         <load_address>0xc321</load_address>
         <run_address>0xc321</run_address>
         <size>0x11e</size>
         <input_file_ref idref="fl-e"/>
      </object_component>
      <object_component id="oc-52b">
         <name>.debug_info</name>
         <load_address>0xc43f</load_address>
         <run_address>0xc43f</run_address>
         <size>0x1a4</size>
         <input_file_ref idref="fl-e"/>
      </object_component>
      <object_component id="oc-43d">
         <name>.debug_info</name>
         <load_address>0xc5e3</load_address>
         <run_address>0xc5e3</run_address>
         <size>0x301</size>
         <input_file_ref idref="fl-e"/>
      </object_component>
      <object_component id="oc-51a">
         <name>.debug_info</name>
         <load_address>0xc8e4</load_address>
         <run_address>0xc8e4</run_address>
         <size>0x33a</size>
         <input_file_ref idref="fl-e"/>
      </object_component>
      <object_component id="oc-50d">
         <name>.debug_info</name>
         <load_address>0xcc1e</load_address>
         <run_address>0xcc1e</run_address>
         <size>0x35a</size>
         <input_file_ref idref="fl-e"/>
      </object_component>
      <object_component id="oc-709">
         <name>.debug_info</name>
         <load_address>0xcf78</load_address>
         <run_address>0xcf78</run_address>
         <size>0x242</size>
         <input_file_ref idref="fl-e"/>
      </object_component>
      <object_component id="oc-606">
         <name>.debug_info</name>
         <load_address>0xd1ba</load_address>
         <run_address>0xd1ba</run_address>
         <size>0x1dd</size>
         <input_file_ref idref="fl-e"/>
      </object_component>
      <object_component id="oc-6ad">
         <name>.debug_info</name>
         <load_address>0xd397</load_address>
         <run_address>0xd397</run_address>
         <size>0x301</size>
         <input_file_ref idref="fl-e"/>
      </object_component>
      <object_component id="oc-6a7">
         <name>.debug_info</name>
         <load_address>0xd698</load_address>
         <run_address>0xd698</run_address>
         <size>0x1c6</size>
         <input_file_ref idref="fl-e"/>
      </object_component>
      <object_component id="oc-5da">
         <name>.debug_info</name>
         <load_address>0xd85e</load_address>
         <run_address>0xd85e</run_address>
         <size>0x22b</size>
         <input_file_ref idref="fl-e"/>
      </object_component>
      <object_component id="oc-710">
         <name>.debug_info</name>
         <load_address>0xda89</load_address>
         <run_address>0xda89</run_address>
         <size>0x29e</size>
         <input_file_ref idref="fl-e"/>
      </object_component>
      <object_component id="oc-6b3">
[...]
         <name>UCA3ICTL</name>
         <value>0x69c</value>
      </symbol>
      <symbol id="sm-290">
         <name>UCA3ICTL_L</name>
         <value>0x69c</value>
      </symbol>
      <symbol id="sm-291">
         <name>UCA3ICTL_H</name>
         <value>0x69d</value>
      </symbol>
      <symbol id="sm-292">
         <name>UCA3IV</name>
         <value>0x69e</value>
      </symbol>
      <symbol id="sm-293">
         <name>UCB3CTLW0</name>
         <value>0x6a0</value>
      </symbol>
      <symbol id="sm-294">
         <name>UCB3CTLW0_L</name>
         <value>0x6a0</value>
      </symbol>
      <symbol id="sm-295">
         <name>UCB3CTLW0_H</name>
         <value>0x6a1</value>
      </symbol>
      <symbol id="sm-296">
         <name>UCB3BRW</name>
         <value>0x6a6</value>
      </symbol>
      <symbol id="sm-297">
         <name>UCB3BRW_L</name>
         <value>0x6a6</value>
      </symbol>
      <symbol id="sm-298">
         <name>UCB3BRW_H</name>
         <value>0x6a7</value>
      </symbol>
      <symbol id="sm-299">
         <name>UCB3STAT</name>
         <value>0x6aa</value>
      </symbol>
      <symbol id="sm-29a">
         <name>UCB3RXBUF</name>
         <value>0x6ac</value>
      </symbol>
      <symbol id="sm-29b">
         <name>UCB3TXBUF</name>
         <value>0x6ae</value>
      </symbol>
      <symbol id="sm-29c">
         <name>UCB3I2COA</name>
         <value>0x6b0</value>
      </symbol>
      <symbol id="sm-29d">
         <name>UCB3I2COA_L</name>
         <value>0x6b0</value>
      </symbol>
      <symbol id="sm-29e">
         <name>UCB3I2COA_H</name>
         <value>0x6b1</value>
      </symbol>
      <symbol id="sm-29f">
         <name>UCB3I2CSA</name>
         <value>0x6b2</value>
      </symbol>
      <symbol id="sm-2a0">
         <name>UCB3I2CSA_L</name>
         <value>0x6b2</value>
      </symbol>
      <symbol id="sm-2a1">
         <name>UCB3I2CSA_H</name>
         <value>0x6b3</value>
      </symbol>
      <symbol id="sm-2a2">
         <name>UCB3ICTL</name>
         <value>0x6bc</value>
      </symbol>
      <symbol id="sm-2a3">
         <name>UCB3ICTL_L</name>
         <value>0x6bc</value>
      </symbol>
      <symbol id="sm-2a4">
         <name>UCB3ICTL_H</name>
         <value>0x6bd</value>
      </symbol>
      <symbol id="sm-2a5">
         <name>UCB3IV</name>
         <value>0x6be</value>
      </symbol>
      <symbol id="sm-2a6">
         <name>WDTCTL</name>
         <value>0x15c</value>
      </symbol>
      <symbol id="sm-2a7">
         <name>WDTCTL_L</name>
         <value>0x15c</value>
      </symbol>
      <symbol id="sm-2a8">
         <name>WDTCTL_H</name>
         <value>0x15d</value>
      </symbol>
      <symbol id="sm-2a9">
         <name>__TI_CINIT_Base</name>
         <value>0x7b44</value>
      </symbol>
      <symbol id="sm-2aa">
         <name>__TI_CINIT_Limit</name>
         <value>0x7b54</value>
      </symbol>
      <symbol id="sm-2ab">
         <name>__TI_Handler_Table_Base</name>
         <value>0x7b28</value>
      </symbol>
      <symbol id="sm-2ac">
         <name>__TI_Handler_Table_Limit</name>
         <value>0x7b34</value>
      </symbol>
      <symbol id="sm-2ad">
         <name>__STACK_SIZE</name>
         <value>0xa0</value>
      </symbol>
      <symbol id="sm-2ae">
         <name>__STACK_END</name>
         <value>0x5c00</value>
      </symbol>
      <symbol id="sm-2af">
         <name>__c_args__</name>
         <value>0xffffffff</value>
      </symbol>
      <symbol id="sm-2b0">
         <name>__TI_pprof_out_hndl</name>
         <value>0xffffffff</value>
      </symbol>
      <symbol id="sm-2b1">
         <name>__TI_prof_data_start</name>
         <value>0xffffffff</value>
      </symbol>
      <symbol id="sm-2b2">
         <name>__TI_prof_data_size</name>
         <value>0xffffffff</value>
      </symbol>
      <symbol id="sm-373">
         <name>main</name>
         <value>0x7082</value>
         <object_component_ref idref="oc-3cb"/>
      </symbol>
      <symbol id="sm-39d">
         <name>vApplicationStackOverflowHook</name>
         <value>0x7a4a</value>
         <object_component_ref idref="oc-555"/>
      </symbol>
      <symbol id="sm-39e">
         <name>vApplicationIdleHook</name>
         <value>0x7a36</value>
         <object_component_ref idref="oc-5fe"/>
      </symbol>
      <symbol id="sm-39f">
         <name>vApplicationSetupTimerInterrupt</name>
         <value>0x772c</value>
         <object_component_ref idref="oc-45f"/>
      </symbol>
      <symbol id="sm-3a0">
         <name>vApplicationTickHook</name>
         <value>0x7a7a</value>
         <object_component_ref idref="oc-54e"/>
      </symbol>
      <symbol id="sm-3a1">
         <name>vApplicationMallocFailedHook</name>
         <value>0x7a40</value>
         <object_component_ref idref="oc-5a6"/>
      </symbol>
      <symbol id="sm-3b3">
         <name>hal430SetSystemClock</name>
         <value>0x6dea</value>
         <object_component_ref idref="oc-4d1"/>
      </symbol>
      <symbol id="sm-3bc">
         <name>vHALInitLED</name>
         <value>0x7a1a</value>
         <object_component_ref idref="oc-4d7"/>
      </symbol>
      <symbol id="sm-3f3">
         <name>__TI_int57</name>
         <value>0xfff2</value>
         <object_component_ref idref="oc-89"/>
      </symbol>
      <symbol id="sm-3f4">
         <name>usci_a0_isr</name>
         <value>0x7a7c</value>
         <object_component_ref idref="oc-39f"/>
      </symbol>
      <symbol id="sm-41c">
         <name>SetVCore</name>
         <value>0x7620</value>
         <object_component_ref idref="oc-57d"/>
      </symbol>
      <symbol id="sm-442">
         <name>Init_FLL_Settle</name>
         <value>0x7382</value>
         <object_component_ref idref="oc-583"/>
      </symbol>
      <symbol id="sm-481">
         <name>uxListRemove</name>
         <value>0x76fc</value>
         <object_component_ref idref="oc-53f"/>
      </symbol>
      <symbol id="sm-482">
         <name>vListInsert</name>
         <value>0x75e4</value>
         <object_component_ref idref="oc-63c"/>
      </symbol>
      <symbol id="sm-483">
         <name>vListInitialiseItem</name>
         <value>0x7a62</value>
         <object_component_ref idref="oc-5ba"/>
      </symbol>
      <symbol id="sm-484">
         <name>vListInsertEnd</name>
         <value>0x78a8</value>
         <object_component_ref idref="oc-548"/>
      </symbol>
      <symbol id="sm-485">
         <name>vListInitialise</name>
         <value>0x78f0</value>
         <object_component_ref idref="oc-656"/>
      </symbol>
      <symbol id="sm-54b">
         <name>xQueueGenericSendFromISR</name>
         <value>0x6b6a</value>
         <object_component_ref idref="oc-5e9"/>
      </symbol>
      <symbol id="sm-54c">
         <name>xQueueGenericCreate</name>
         <value>0x7334</value>
         <object_component_ref idref="oc-69e"/>
      </symbol>
      <symbol id="sm-54d">
         <name>xQueueGenericSend</name>
         <value>0x5dcc</value>
         <object_component_ref idref="oc-5e3"/>
      </symbol>
      <symbol id="sm-54e">
         <name>xQueueGenericReset</name>
         <value>0x67fc</value>
         <object_component_ref idref="oc-71e"/>
      </symbol>
      <symbol id="sm-54f">
         <name>xQueueGenericReceive</name>
         <value>0x5c00</value>
         <object_component_ref idref="oc-715"/>
      </symbol>
      <symbol id="sm-550">
         <name>vQueueWaitForMessageRestricted</name>
         <value>0x7294</value>
         <object_component_ref idref="oc-702"/>
      </symbol>
      <symbol id="sm-6ae">
         <name>vTaskDelay</name>
         <value>0x7694</value>
         <object_component_ref idref="oc-4de"/>
      </symbol>
      <symbol id="sm-6af">
         <name>vTaskSuspendAll</name>
         <value>0x7a6e</value>
         <object_component_ref idref="oc-58b"/>
      </symbol>
      <symbol id="sm-6b0">
         <name>vTaskPriorityInherit</name>
         <value>0x6ae4</value>
         <object_component_ref idref="oc-73a"/>
      </symbol>
      <symbol id="sm-6b1">
         <name>vTaskPlaceOnEventList</name>
         <value>0x780a</value>
         <object_component_ref idref="oc-680"/>
      </symbol>
      <symbol id="sm-6b2">
         <name>xTaskCheckForTimeOut</name>
         <value>0x6e66</value>
         <object_component_ref idref="oc-66e"/>
      </symbol>
      <symbol id="sm-6b3">
         <name>xTaskPriorityDisinherit</name>
         <value>0x6c6c</value>
         <object_component_ref idref="oc-6e3"/>
      </symbol>
      <symbol id="sm-6b4">
         <name>vTaskStartScheduler</name>
         <value>0x72e4</value>
         <object_component_ref idref="oc-445"/>
      </symbol>
      <symbol id="sm-6b5">
         <name>pvTaskIncrementMutexHeldCount</name>
         <value>0x796e</value>
         <object_component_ref idref="oc-746"/>
      </symbol>
      <symbol id="sm-6b6">
         <name>xTaskCreate</name>
         <value>0x6d6c</value>
         <object_component_ref idref="oc-42a"/>
      </symbol>
      <symbol id="sm-6b7">
         <name>vTaskMissedYield</name>
         <value>0x7a68</value>
         <object_component_ref idref="oc-6da"/>
      </symbol>
      <symbol id="sm-6b8">
         <name>xTaskResumeAll</name>
         <value>0x63b2</value>
         <object_component_ref idref="oc-597"/>
      </symbol>
      <symbol id="sm-6b9">
         <name>xTaskGetTickCount</name>
         <value>0x78cc</value>
         <object_component_ref idref="oc-506"/>
      </symbol>
      <symbol id="sm-6ba">
         <name>pxCurrentTCB</name>
         <value>0x449c</value>
         <object_component_ref idref="oc-450"/>
      </symbol>
      <symbol id="sm-6bb">
         <name>vTaskPlaceOnEventListRestricted</name>
         <value>0x76ca</value>
         <object_component_ref idref="oc-72b"/>
      </symbol>
      <symbol id="sm-6bc">
         <name>vTaskSetTimeOutState</name>
         <value>0x7952</value>
         <object_component_ref idref="oc-668"/>
      </symbol>
      <symbol id="sm-6bd">
         <name>xTaskIncrementTick</name>
         <value>0x5f4a</value>
         <object_component_ref idref="oc-453"/>
      </symbol>
      <symbol id="sm-6be">
         <name>vTaskSwitchContext</name>
         <value>0x6546</value>
         <object_component_ref idref="oc-459"/>
      </symbol>
      <symbol id="sm-6bf">
         <name>xTaskGetSchedulerState</name>
         <value>0x799e</value>
         <object_component_ref idref="oc-5dd"/>
      </symbol>
      <symbol id="sm-6c0">
         <name>xTaskRemoveFromEventList</name>
         <value>0x6cec</value>
         <object_component_ref idref="oc-68c"/>
      </symbol>
      <symbol id="sm-786">
         <name>xTimerCreateTimerTask</name>
         <value>0x74a6</value>
         <object_component_ref idref="oc-52a"/>
      </symbol>
      <symbol id="sm-787">
         <name>xTimerIsTimerActive</name>
         <value>0x765a</value>
         <object_component_ref idref="oc-500"/>
      </symbol>
      <symbol id="sm-788">
         <name>xTimerCreate</name>
         <value>0x756a</value>
         <object_component_ref idref="oc-43c"/>
      </symbol>
      <symbol id="sm-789">
         <name>xTimerGenericCommand</name>
         <value>0x6ede</value>
         <object_component_ref idref="oc-50c"/>
      </symbol>
      <symbol id="sm-7a2">
         <name>__TI_int54</name>
         <value>0xffec</value>
         <object_component_ref idref="oc-86"/>
      </symbol>
      <symbol id="sm-7a3">
         <name>vTickISREntry</name>
         <value>0x7ae8</value>
         <object_component_ref idref="oc-399"/>
      </symbol>
      <symbol id="sm-7a4">
         <name>usCriticalNesting</name>
         <value>0x44c0</value>
         <object_component_ref idref="oc-44d"/>
      </symbol>
      <symbol id="sm-7a5">
         <name>pxPortInitialiseStack</name>
         <value>0x7932</value>
         <object_component_ref idref="oc-5c0"/>
      </symbol>
      <symbol id="sm-7ad">
         <name>vPortCooperativeTickISR</name>
         <value>0x66e8</value>
         <object_component_ref idref="oc-3ea"/>
      </symbol>
      <symbol id="sm-7ae">
         <name>vPortPreemptiveTickISR</name>
         <value>0x66b8</value>
         <object_component_ref idref="oc-3ea"/>
      </symbol>
      <symbol id="sm-7af">
         <name>vPortYield</name>
         <value>0x6714</value>
         <object_component_ref idref="oc-3ea"/>
      </symbol>
      <symbol id="sm-7b0">
         <name>xPortStartScheduler</name>
         <value>0x6744</value>
         <object_component_ref idref="oc-3ea"/>
      </symbol>
      <symbol id="sm-7d6">
         <name>pvPortMalloc</name>
         <value>0x713e</value>
         <object_component_ref idref="oc-4e6"/>
      </symbol>
      <symbol id="sm-7d7">
         <name>vPortFree</name>
         <value>0x7a28</value>
         <object_component_ref idref="oc-4ec"/>
      </symbol>
      <symbol id="sm-7df">
         <name>_stack</name>
         <value>0x5b60</value>
         <object_component_ref idref="oc-379"/>
      </symbol>
      <symbol id="sm-7e0">
         <name>_reset_vector</name>
         <value>0xfffe</value>
         <object_component_ref idref="oc-37c"/>
      </symbol>
      <symbol id="sm-7ea">
         <name>_c_int00_noargs_noexit</name>
         <value>0x7ace</value>
         <object_component_ref idref="oc-ad"/>
      </symbol>
      <symbol id="sm-806">
         <name>__TI_decompress_lzss</name>
         <value>0x6042</value>
         <object_component_ref idref="oc-6d"/>
      </symbol>
      <symbol id="sm-817">
         <name>__TI_decompress_none</name>
         <value>0x75a8</value>
         <object_component_ref idref="oc-73"/>
      </symbol>
      <symbol id="sm-827">
         <name>__TI_zero_init</name>
         <value>0x752c</value>
         <object_component_ref idref="oc-8f"/>
      </symbol>
      <symbol id="sm-832">
         <name>__memcpy_far</name>
         <value>0x74ec</value>
         <object_component_ref idref="oc-388"/>
      </symbol>
      <symbol id="sm-83c">
         <name>__mspabi_remu</name>
         <value>0x79cc</value>
         <object_component_ref idref="oc-55c"/>
      </symbol>
      <symbol id="sm-83d">
         <name>__mspabi_divu</name>
         <value>0x79cc</value>
         <object_component_ref idref="oc-55c"/>
      </symbol>
      <symbol id="sm-84b">
         <name>__mspabi_remul</name>
         <value>0x7196</value>
         <object_component_ref idref="oc-578"/>
      </symbol>
      <symbol id="sm-84c">
         <name>__mspabi_divul</name>
         <value>0x7196</value>
         <object_component_ref idref="oc-578"/>
      </symbol>
      <symbol id="sm-856">
         <name>C$$EXIT</name>
         <value>0x7a5c</value>
         <object_component_ref idref="oc-3d3"/>
      </symbol>
      <symbol id="sm-857">
         <name>abort</name>
         <value>0x7a5c</value>
         <object_component_ref idref="oc-3d3"/>
      </symbol>
      <symbol id="sm-85b">
         <name>__TI_int41</name>
         <value>0xffd2</value>
         <object_component_ref idref="oc-79"/>
      </symbol>
      <symbol id="sm-85e">
         <name>__TI_int42</name>
         <value>0xffd4</value>
         <object_component_ref idref="oc-7a"/>
      </symbol>
      <symbol id="sm-861">
         <name>__TI_int43</name>
         <value>0xffd6</value>
         <object_component_ref idref="oc-7b"/>
      </symbol>
      <symbol id="sm-864">
         <name>__TI_int44</name>
         <value>0xffd8</value>
         <object_component_ref idref="oc-7c"/>
      </symbol>
      <symbol id="sm-867">
         <name>__TI_int45</name>
         <value>0xffda</value>
         <object_component_ref idref="oc-7d"/>
      </symbol>
      <symbol id="sm-86a">
         <name>__TI_int46</name>
         <value>0xffdc</value>
         <object_component_ref idref="oc-7e"/>
      </symbol>
      <symbol id="sm-86d">
         <name>__TI_int47</name>
         <value>0xffde</value>
         <object_component_ref idref="oc-7f"/>
      </symbol>
      <symbol id="sm-870">
         <name>__TI_int48</name>
         <value>0xffe0</value>
         <object_component_ref idref="oc-80"/>
      </symbol>
      <symbol id="sm-873">
         <name>__TI_int49</name>
         <value>0xffe2</value>
         <object_component_ref idref="oc-81"/>
      </symbol>
      <symbol id="sm-876">
         <name>__TI_int50</name>
         <value>0xffe4</value>
         <object_component_ref idref="oc-82"/>
      </symbol>
      <symbol id="sm-879">
         <name>__TI_int51</name>
         <value>0xffe6</value>
         <object_component_ref idref="oc-83"/>
      </symbol>
      <symbol id="sm-87c">
         <name>__TI_int52</name>
         <value>0xffe8</value>
         <object_component_ref idref="oc-84"/>
      </symbol>
      <symbol id="sm-87f">
         <name>__TI_int53</name>
         <value>0xffea</value>
         <object_component_ref idref="oc-85"/>
      </symbol>
      <symbol id="sm-882">
         <name>__TI_int55</name>
         <value>0xffee</value>
         <object_component_ref idref="oc-87"/>
      </symbol>
      <symbol id="sm-885">
         <name>__TI_int56</name>
         <value>0xfff0</value>
         <object_component_ref idref="oc-88"/>
      </symbol>
      <symbol id="sm-888">
         <name>__TI_int58</name>
         <value>0xfff4</value>
         <object_component_ref idref="oc-8a"/>
      </symbol>
      <symbol id="sm-88b">
         <name>__TI_int59</name>
         <value>0xfff6</value>
         <object_component_ref idref="oc-8b"/>
      </symbol>
      <symbol id="sm-88e">
         <name>__TI_int60</name>
         <value>0xfff8</value>
         <object_component_ref idref="oc-8c"/>
      </symbol>
      <symbol id="sm-891">
         <name>__TI_int61</name>
         <value>0xfffa</value>
         <object_component_ref idref="oc-8d"/>
      </symbol>
      <symbol id="sm-894">
         <name>__TI_int62</name>
         <value>0xfffc</value>
         <object_component_ref idref="oc-8e"/>
      </symbol>
      <symbol id="sm-89c">
         <name>__TI_ISR_TRAP</name>
         <value>0x7af8</value>
         <object_component_ref idref="oc-394"/>
      </symbol>
      <symbol id="sm-8af">
         <name>memcpy</name>
         <value>0x79f6</value>
         <object_component_ref idref="oc-4a1"/>
      </symbol>
      <symbol id="sm-8bd">
         <name>memset</name>
         <value>0x79e2</value>
         <object_component_ref idref="oc-5b4"/>
      </symbol>
      <symbol id="sm-8c8">
         <name>__mspabi_mpyi_f5hw</name>
         <value>0x7986</value>
         <object_component_ref idref="oc-49c"/>
      </symbol>
      <symbol id="sm-8d4">
         <name>_system_pre_init</name>
         <value>0x7a74</value>
         <object_component_ref idref="oc-3ab"/>
      </symbol>
      <symbol id="sm-8f7">
         <name>_auto_init_hold_wdt</name>
         <value>0x6932</value>
         <object_component_ref idref="oc-3b1"/>
      </symbol>
      <symbol id="sm-90e">
         <name>copy_in</name>
         <value>0x6606</value>
         <object_component_ref idref="oc-3f6"/>
      </symbol>
      <symbol id="sm-917">
         <name>_system_post_cinit</name>
         <value>0x7a78</value>
         <object_component_ref idref="oc-3fc"/>
      </symbol>
      <symbol id="sm-919">
         <name>__TI_BINIT_Base</name>
         <value>0x0</value>
      </symbol>
      <symbol id="sm-91a">
         <name>__TI_BINIT_Limit</name>
         <value>0x0</value>
      </symbol>
      <symbol id="sm-91b">
         <name>__TI_INITARRAY_Base</name>
         <value>0x0</value>
      </symbol>
      <symbol id="sm-91c">
         <name>__TI_INITARRAY_Limit</name>
         <value>0x0</value>
      </symbol>
      <symbol id="sm-91d">
         <name>vPortSetupTimerInterrupt</name>
         <value>0x772c</value>
      </symbol>
   </symbol_table>
   <title>Link successful</title>
</link_info>
